
> my-v0-project@0.1.0 build
> next build

node.exe : 
[baseline-browser-mapping] 
The data in this module is 
over two months old.  To 
ensure accurate Baseline 
data, please update: `npm i 
baseline-browser-mapping@lat
est -D`
At C:\Program 
Files\nodejs\npm.ps1:29 
char:3
+   & $NODE_EXE $NPM_CLI_JS 
$args
+   ~~~~~~~~~~~~~~~~~~~~~~~~
~~~~~
    + CategoryInfo          
    : NotSpecified: ([base  
  line-brows...ping@lates   
 t -D`:String) [], Remot    
eException
    + FullyQualifiedErrorId 
    : NativeCommandError
 
   Γû▓ Next.js 16.0.10 (Turbopack)

   Creating an optimized production build ...
[baseline-browser-mapping] 
The data in this module is 
over two months old.  To 
ensure accurate Baseline 
data, please update: `npm i 
baseline-browser-mapping@lat
est -D`
 Γ£ô Compiled successfully in 3.8s
   Skipping validation of types
   Collecting page data using 15 workers ...
[baseline-browser-mapping] 
The data in this module is 
over two months old.  To 
ensure accurate Baseline 
data, please update: `npm i 
baseline-browser-mapping@lat
est -D`
[baseline-browser-mapping] 
The data in this module is 
over two months old.  To 
ensure accurate Baseline 
data, please update: `npm i 
baseline-browser-mapping@lat
est -D`
[baseline-browser-mapping] 
The data in this module is 
over two months old.  To 
ensure accurate Baseline 
data, please update: `npm i 
baseline-browser-mapping@lat
est -D`
[baseline-browser-mapping] 
The data in this module is 
over two months old.  To 
ensure accurate Baseline 
data, please update: `npm i 
baseline-browser-mapping@lat
est -D`
[baseline-browser-mapping] 
The data in this module is 
over two months old.  To 
ensure accurate Baseline 
data, please update: `npm i 
baseline-browser-mapping@lat
est -D`
[baseline-browser-mapping] 
The data in this module is 
over two months old.  To 
ensure accurate Baseline 
data, please update: `npm i 
baseline-browser-mapping@lat
est -D`
[baseline-browser-mapping] 
The data in this module is 
over two months old.  To 
ensure accurate Baseline 
data, please update: `npm i 
baseline-browser-mapping@lat
est -D`
[baseline-browser-mapping] 
The data in this module is 
over two months old.  To 
ensure accurate Baseline 
data, please update: `npm i 
baseline-browser-mapping@lat
est -D`
Error: supabaseUrl is 
required.
    at <unknown> (D:\anonymo
us-social-polls\.next\server
\chunks\[root-of-the-server]
__b2da729a._.js:41:43505)
    at new sa (D:\anonymous-
social-polls\.next\server\ch
unks\[root-of-the-server]__b
2da729a._.js:41:43756)
    at so (D:\anonymous-soci
al-polls\.next\server\chunks
\[root-of-the-server]__b2da7
29a._.js:41:47700)
    at module evaluation (D:
\anonymous-social-polls\.nex
t\server\chunks\[root-of-the
-server]__8a429e74._.js:1:13
13)
    at instantiateModule (D:
\anonymous-social-polls\.nex
t\server\chunks\[turbopack]_
runtime.js:715:9)
    at 
instantiateRuntimeModule (D:
\anonymous-social-polls\.nex
t\server\chunks\[turbopack]_
runtime.js:743:12)
    at getOrInstantiateRunti
meModule (D:\anonymous-socia
l-polls\.next\server\chunks\
[turbopack]_runtime.js:756:1
2)
    at Object.m (D:\anonymou
s-social-polls\.next\server\
chunks\[turbopack]_runtime.j
s:765:18)
    at Object.<anonymous> (D
:\anonymous-social-polls\.ne
xt\server\app\api\polls\rout
e.js:5:3)
Error: supabaseUrl is 
required.
    at <unknown> (D:\anonymo
us-social-polls\.next\server
\chunks\[root-of-the-server]
__b2da729a._.js:41:43505)
    at new sa (D:\anonymous-
social-polls\.next\server\ch
unks\[root-of-the-server]__b
2da729a._.js:41:43756)
    at so (D:\anonymous-soci
al-polls\.next\server\chunks
\[root-of-the-server]__b2da7
29a._.js:41:47700)
    at module evaluation (D:
\anonymous-social-polls\.nex
t\server\chunks\[root-of-the
-server]__8363ae4a._.js:1:13
13)
    at instantiateModule (D:
\anonymous-social-polls\.nex
t\server\chunks\[turbopack]_
runtime.js:715:9)
    at 
instantiateRuntimeModule (D:
\anonymous-social-polls\.nex
t\server\chunks\[turbopack]_
runtime.js:743:12)
    at getOrInstantiateRunti
meModule (D:\anonymous-socia
l-polls\.next\server\chunks\
[turbopack]_runtime.js:756:1
2)
    at Object.m (D:\anonymou
s-social-polls\.next\server\
chunks\[turbopack]_runtime.j
s:765:18)
    at Object.<anonymous> (D
:\anonymous-social-polls\.ne
xt\server\app\api\polls\[id]
\route.js:5:3)
Error: supabaseUrl is 
required.
    at <unknown> (D:\anonymo
us-social-polls\.next\server
\chunks\[root-of-the-server]
__b2da729a._.js:41:43505)
    at new sa (D:\anonymous-
social-polls\.next\server\ch
unks\[root-of-the-server]__b
2da729a._.js:41:43756)
    at so (D:\anonymous-soci
al-polls\.next\server\chunks
\[root-of-the-server]__b2da7
29a._.js:41:47700)
    at module evaluation (D:
\anonymous-social-polls\.nex
t\server\chunks\[root-of-the
-server]__4ffccfa2._.js:1:13
13)
    at instantiateModule (D:
\anonymous-social-polls\.nex
t\server\chunks\[turbopack]_
runtime.js:715:9)
    at 
instantiateRuntimeModule (D:
\anonymous-social-polls\.nex
t\server\chunks\[turbopack]_
runtime.js:743:12)
    at getOrInstantiateRunti
meModule (D:\anonymous-socia
l-polls\.next\server\chunks\
[turbopack]_runtime.js:756:1
2)
    at Object.m (D:\anonymou
s-social-polls\.next\server\
chunks\[turbopack]_runtime.j
s:765:18)
    at Object.<anonymous> (D
:\anonymous-social-polls\.ne
xt\server\app\api\polls\[id]
\votes\route.js:5:3)
Error: supabaseUrl is 
required.
    at <unknown> (D:\anonymo
us-social-polls\.next\server
\chunks\[root-of-the-server]
__b2da729a._.js:41:43505)
    at new sa (D:\anonymous-
social-polls\.next\server\ch
unks\[root-of-the-server]__b
2da729a._.js:41:43756)
    at so (D:\anonymous-soci
al-polls\.next\server\chunks
\[root-of-the-server]__b2da7
29a._.js:41:47700)
    at module evaluation (D:
\anonymous-social-polls\.nex
t\server\chunks\[root-of-the
-server]__5e4cd8b9._.js:1:13
13)
    at instantiateModule (D:
\anonymous-social-polls\.nex
t\server\chunks\[turbopack]_
runtime.js:715:9)
    at 
instantiateRuntimeModule (D:
\anonymous-social-polls\.nex
t\server\chunks\[turbopack]_
runtime.js:743:12)
    at getOrInstantiateRunti
meModule (D:\anonymous-socia
l-polls\.next\server\chunks\
[turbopack]_runtime.js:756:1
2)
    at Object.m (D:\anonymou
s-social-polls\.next\server\
chunks\[turbopack]_runtime.j
s:765:18)
    at Object.<anonymous> (D
:\anonymous-social-polls\.ne
xt\server\app\api\polls\[id]
\results\route.js:5:3)

> Build error occurred
Error: Failed to collect 
page data for /api/polls
    at ignore-listed frames 
{
  type: 'Error'
}
